all x0          n=5 M=2 r=0: analytical 0.062 noisy 0.061 +/- 0.003
all x0          n=5 M=2 r=1: analytical 0.473 noisy 0.470 +/- 0.005
all x0          n=5 M=2 r=2: analytical 0.908 noisy 0.905 +/- 0.004
all x0          n=5 M=2 r=3: analytical 0.961 noisy 0.960 +/- 0.004
all x0          n=5 M=2 r=4: analytical 0.582 noisy 0.577 +/- 0.007
all x0          n=5 M=2 r=5: analytical 0.125 noisy 0.123 +/- 0.000
all x0          n=3 M=1 r=0: analytical 0.125 noisy 0.127 +/- 0.003
all x0          n=3 M=1 r=1: analytical 0.781 noisy 0.780 +/- 0.003
all x0          n=3 M=1 r=2: analytical 0.945 noisy 0.943 +/- 0.001
all x0          n=3 M=1 r=3: analytical 0.330 noisy 0.333 +/- 0.002
all x0          n=3 M=1 r=4: analytical 0.012 noisy 0.011 +/- 0.001
all x0.25       n=5 M=2 r=0: analytical 0.062 noisy 0.061 +/- 0.003
all x0.25       n=5 M=2 r=1: analytical 0.473 noisy 0.375 +/- 0.008
all x0.25       n=5 M=2 r=2: analytical 0.908 noisy 0.587 +/- 0.002
all x0.25       n=5 M=2 r=3: analytical 0.961 noisy 0.459 +/- 0.005
all x0.25       n=5 M=2 r=4: analytical 0.582 noisy 0.297 +/- 0.003
all x0.25       n=5 M=2 r=5: analytical 0.125 noisy 0.130 +/- 0.003
all x0.25       n=3 M=1 r=0: analytical 0.125 noisy 0.127 +/- 0.003
all x0.25       n=3 M=1 r=1: analytical 0.781 noisy 0.763 +/- 0.001
all x0.25       n=3 M=1 r=2: analytical 0.945 noisy 0.893 +/- 0.002
all x0.25       n=3 M=1 r=3: analytical 0.330 noisy 0.317 +/- 0.004
all x0.25       n=3 M=1 r=4: analytical 0.012 noisy 0.031 +/- 0.001
all x0.5        n=5 M=2 r=0: analytical 0.062 noisy 0.060 +/- 0.003
all x0.5        n=5 M=2 r=1: analytical 0.473 noisy 0.295 +/- 0.008
all x0.5        n=5 M=2 r=2: analytical 0.908 noisy 0.391 +/- 0.009
all x0.5        n=5 M=2 r=3: analytical 0.961 noisy 0.243 +/- 0.003
all x0.5        n=5 M=2 r=4: analytical 0.582 noisy 0.169 +/- 0.002
all x0.5        n=5 M=2 r=5: analytical 0.125 noisy 0.100 +/- 0.003
all x0.5        n=3 M=1 r=0: analytical 0.125 noisy 0.128 +/- 0.003
all x0.5        n=3 M=1 r=1: analytical 0.781 noisy 0.746 +/- 0.002
all x0.5        n=3 M=1 r=2: analytical 0.945 noisy 0.842 +/- 0.004
all x0.5        n=3 M=1 r=3: analytical 0.330 noisy 0.301 +/- 0.002
all x0.5        n=3 M=1 r=4: analytical 0.012 noisy 0.047 +/- 0.003
all x1          n=5 M=2 r=0: analytical 0.062 noisy 0.060 +/- 0.003
all x1          n=5 M=2 r=1: analytical 0.473 noisy 0.189 +/- 0.002
all x1          n=5 M=2 r=2: analytical 0.908 noisy 0.187 +/- 0.003
all x1          n=5 M=2 r=3: analytical 0.961 noisy 0.100 +/- 0.004
all x1          n=5 M=2 r=4: analytical 0.582 noisy 0.084 +/- 0.004
all x1          n=5 M=2 r=5: analytical 0.125 noisy 0.067 +/- 0.003
all x1          n=3 M=1 r=0: analytical 0.125 noisy 0.127 +/- 0.002
all x1          n=3 M=1 r=1: analytical 0.781 noisy 0.711 +/- 0.002
all x1          n=3 M=1 r=2: analytical 0.945 noisy 0.753 +/- 0.001
all x1          n=3 M=1 r=3: analytical 0.330 noisy 0.272 +/- 0.003
all x1          n=3 M=1 r=4: analytical 0.012 noisy 0.071 +/- 0.005
all x2          n=5 M=2 r=0: analytical 0.062 noisy 0.060 +/- 0.003
all x2          n=5 M=2 r=1: analytical 0.473 noisy 0.100 +/- 0.002
all x2          n=5 M=2 r=2: analytical 0.908 noisy 0.081 +/- 0.003
all x2          n=5 M=2 r=3: analytical 0.961 noisy 0.061 +/- 0.002
all x2          n=5 M=2 r=4: analytical 0.582 noisy 0.058 +/- 0.001
all x2          n=5 M=2 r=5: analytical 0.125 noisy 0.057 +/- 0.003
all x2          n=3 M=1 r=0: analytical 0.125 noisy 0.127 +/- 0.003
all x2          n=3 M=1 r=1: analytical 0.781 noisy 0.651 +/- 0.004
all x2          n=3 M=1 r=2: analytical 0.945 noisy 0.609 +/- 0.002
all x2          n=3 M=1 r=3: analytical 0.330 noisy 0.229 +/- 0.004
all x2          n=3 M=1 r=4: analytical 0.012 noisy 0.099 +/- 0.006
1Q off          n=5 M=2 r=0: analytical 0.062 noisy 0.060 +/- 0.003
1Q off          n=5 M=2 r=1: analytical 0.473 noisy 0.198 +/- 0.002
1Q off          n=5 M=2 r=2: analytical 0.908 noisy 0.205 +/- 0.002
1Q off          n=5 M=2 r=3: analytical 0.961 noisy 0.107 +/- 0.005
1Q off          n=5 M=2 r=4: analytical 0.582 noisy 0.089 +/- 0.003
1Q off          n=5 M=2 r=5: analytical 0.125 noisy 0.070 +/- 0.003
1Q off          n=3 M=1 r=0: analytical 0.125 noisy 0.127 +/- 0.002
1Q off          n=3 M=1 r=1: analytical 0.781 noisy 0.713 +/- 0.001
1Q off          n=3 M=1 r=2: analytical 0.945 noisy 0.773 +/- 0.002
1Q off          n=3 M=1 r=3: analytical 0.330 noisy 0.276 +/- 0.003
1Q off          n=3 M=1 r=4: analytical 0.012 noisy 0.070 +/- 0.005
2Q off          n=5 M=2 r=0: analytical 0.062 noisy 0.060 +/- 0.003
2Q off          n=5 M=2 r=1: analytical 0.473 noisy 0.255 +/- 0.005
2Q off          n=5 M=2 r=2: analytical 0.908 noisy 0.396 +/- 0.004
2Q off          n=5 M=2 r=3: analytical 0.961 noisy 0.283 +/- 0.003
2Q off          n=5 M=2 r=4: analytical 0.582 noisy 0.182 +/- 0.003
2Q off          n=5 M=2 r=5: analytical 0.125 noisy 0.105 +/- 0.002
2Q off          n=3 M=1 r=0: analytical 0.125 noisy 0.127 +/- 0.002
2Q off          n=3 M=1 r=1: analytical 0.781 noisy 0.742 +/- 0.001
2Q off          n=3 M=1 r=2: analytical 0.945 noisy 0.851 +/- 0.004
2Q off          n=3 M=1 r=3: analytical 0.330 noisy 0.307 +/- 0.004
2Q off          n=3 M=1 r=4: analytical 0.012 noisy 0.045 +/- 0.004
readout off     n=5 M=2 r=0: analytical 0.062 noisy 0.061 +/- 0.003
readout off     n=5 M=2 r=1: analytical 0.473 noisy 0.193 +/- 0.002
readout off     n=5 M=2 r=2: analytical 0.908 noisy 0.190 +/- 0.002
readout off     n=5 M=2 r=3: analytical 0.961 noisy 0.100 +/- 0.003
readout off     n=5 M=2 r=4: analytical 0.582 noisy 0.084 +/- 0.004
readout off     n=5 M=2 r=5: analytical 0.125 noisy 0.067 +/- 0.003
readout off     n=3 M=1 r=0: analytical 0.125 noisy 0.127 +/- 0.003
readout off     n=3 M=1 r=1: analytical 0.781 noisy 0.727 +/- 0.004
readout off     n=3 M=1 r=2: analytical 0.945 noisy 0.793 +/- 0.003
readout off     n=3 M=1 r=3: analytical 0.330 noisy 0.283 +/- 0.004
readout off     n=3 M=1 r=4: analytical 0.012 noisy 0.065 +/- 0.002
relaxation off  n=5 M=2 r=0: analytical 0.062 noisy 0.060 +/- 0.003
relaxation off  n=5 M=2 r=1: analytical 0.473 noisy 0.193 +/- 0.001
relaxation off  n=5 M=2 r=2: analytical 0.908 noisy 0.191 +/- 0.002
relaxation off  n=5 M=2 r=3: analytical 0.961 noisy 0.105 +/- 0.001
relaxation off  n=5 M=2 r=4: analytical 0.582 noisy 0.086 +/- 0.002
relaxation off  n=5 M=2 r=5: analytical 0.125 noisy 0.073 +/- 0.001
relaxation off  n=3 M=1 r=0: analytical 0.125 noisy 0.127 +/- 0.002
relaxation off  n=3 M=1 r=1: analytical 0.781 noisy 0.711 +/- 0.001
relaxation off  n=3 M=1 r=2: analytical 0.945 noisy 0.756 +/- 0.001
relaxation off  n=3 M=1 r=3: analytical 0.330 noisy 0.271 +/- 0.003
relaxation off  n=3 M=1 r=4: analytical 0.012 noisy 0.068 +/- 0.004
